// Jest Snapshot v1, https://goo.gl/fbAQLP

exports[`<RatingDisplay /> renders RatingDisplay component 1`] = `
ShallowWrapper {
  Symbol(enzyme.__root__): [Circular],
  Symbol(enzyme.__unrendered__): <RatingDisplay
    highRatingColor="#01D277"
    lowRatingColor="#D1225B"
    midRatingColor="#4902A3"
    rating={3.5}
  />,
  Symbol(enzyme.__renderer__): Object {
    "batchedUpdates": [Function],
    "checkPropTypes": [Function],
    "getNode": [Function],
    "render": [Function],
    "simulateError": [Function],
    "simulateEvent": [Function],
    "unmount": [Function],
  },
  Symbol(enzyme.__node__): Object {
    "instance": null,
    "key": undefined,
    "nodeType": "function",
    "props": Object {
      "children": Array [
        35,
        "%",
      ],
      "ratingColor": "#4902A3",
    },
    "ref": null,
    "rendered": Array [
      35,
      "%",
    ],
    "type": Object {
      "$$typeof": Symbol(react.forward_ref),
      "attrs": Array [],
      "componentStyle": ComponentStyle {
        "componentId": "sc-bdVaJa",
        "isStatic": false,
        "rules": Array [
          "
  background-color: ",
          [Function],
          ";
  display: block;
  padding: 3px 9px;
  font-size: 12px;
  line-height: 14px;
  color: #fff;
  font-weight: bold;
  border-radius: 8px;
",
        ],
      },
      "displayName": "styled.span",
      "foldedComponentIds": Array [],
      "render": [Function],
      "styledComponentId": "sc-bdVaJa",
      "target": "span",
      "toString": [Function],
      "warnTooManyClasses": [Function],
      "withComponent": [Function],
    },
  },
  Symbol(enzyme.__nodes__): Array [
    Object {
      "instance": null,
      "key": undefined,
      "nodeType": "function",
      "props": Object {
        "children": Array [
          35,
          "%",
        ],
        "ratingColor": "#4902A3",
      },
      "ref": null,
      "rendered": Array [
        35,
        "%",
      ],
      "type": Object {
        "$$typeof": Symbol(react.forward_ref),
        "attrs": Array [],
        "componentStyle": ComponentStyle {
          "componentId": "sc-bdVaJa",
          "isStatic": false,
          "rules": Array [
            "
  background-color: ",
            [Function],
            ";
  display: block;
  padding: 3px 9px;
  font-size: 12px;
  line-height: 14px;
  color: #fff;
  font-weight: bold;
  border-radius: 8px;
",
          ],
        },
        "displayName": "styled.span",
        "foldedComponentIds": Array [],
        "render": [Function],
        "styledComponentId": "sc-bdVaJa",
        "target": "span",
        "toString": [Function],
        "warnTooManyClasses": [Function],
        "withComponent": [Function],
      },
    },
  ],
  Symbol(enzyme.__options__): Object {
    "adapter": ReactSixteenAdapter {
      "options": Object {
        "enableComponentDidUpdateOnSetState": true,
        "legacyContextMode": "parent",
        "lifecycles": Object {
          "componentDidUpdate": Object {
            "onSetState": true,
          },
          "getChildContext": Object {
            "calledByRenderer": false,
          },
          "getDerivedStateFromProps": Object {
            "hasShouldComponentUpdateBug": false,
          },
          "getSnapshotBeforeUpdate": true,
          "setState": Object {
            "skipsComponentDidUpdateOnNullish": true,
          },
        },
      },
    },
  },
}
`;
